nohup: ignoring input
[2026-08-21 22:40:11.865317] BIRTH_EDGE starting REAL...
DBs initialized
[2026-08-21 22:40:12] REAL BIRTH_FILTERED loop starting, threshold $5000
[2026-08-21 22:40:18] Found 11 NEW filtered tokens
[2026-08-21 22:40:18] Processing YANKEE qXzaQRM9 liq $23,338
fetch_json error https://quote-api.jup.ag/v6/quote?inputMint=So1111111111111111111111111111111111111112&outputMint=qXzaQRM9D9qJq8z6cJSTtTKpowiZHr4BD4RMU4dpump&amount=100000000&slippageBps=100: Cannot connect to host quote-api.jup.ag:443 ssl:default [No address associated with hostname]
[2026-08-21 22:40:19] FILTERED YANKEE reason score overall 54.34
[2026-08-21 22:40:19] RECORDED to both DBs
[2026-08-21 22:40:21] Processing GASCAT 0xB39506 liq $17,648
[2026-08-21 22:40:21] FILTERED GASCAT reason score overall 65.6
[2026-08-21 22:40:21] RECORDED to both DBs
[2026-08-21 22:40:23] Processing BASESTREET 0x73fDB6 liq $33,760
[2026-08-21 22:40:23] FILTERED BASESTREET reason score overall 71.04
[2026-08-21 22:40:23] RECORDED to both DBs
[2026-08-21 22:40:25] Processing ZEC 9d7ZKT9C liq $19,776
fetch_json error https://quote-api.jup.ag/v6/quote?inputMint=So1111111111111111111111111111111111111112&outputMint=9d7ZKT9Cc1NDQVCPkXnCD9gMQDZoppMrKzXEwFoApump&amount=100000000&slippageBps=100: Cannot connect to host quote-api.jup.ag:443 ssl:default [No address associated with hostname]
[2026-08-21 22:40:26] FILTERED ZEC reason score overall 52.78
[2026-08-21 22:40:26] RECORDED to both DBs
[2026-08-21 22:40:28] Processing OUTBAG 0x7338c5 liq $23,080
[2026-08-21 22:40:28] FILTERED OUTBAG reason score overall 65.32
[2026-08-21 22:40:29] RECORDED to both DBs
[2026-08-21 22:40:31] Processing DOTE AX2QTruj liq $26,463
fetch_json error https://quote-api.jup.ag/v6/quote?inputMint=So1111111111111111111111111111111111111112&outputMint=AX2QTrujcWri5cP87QK2nQChfFeCSFzcTa7n2AwRpump&amount=100000000&slippageBps=100: Cannot connect to host quote-api.jup.ag:443 ssl:default [No address associated with hostname]
[2026-08-21 22:40:32] FILTERED DOTE reason score overall 56.46
[2026-08-21 22:40:32] RECORDED to both DBs
[2026-08-21 22:40:34] Processing D0MINO 0x813E6c liq $7,951
[2026-08-21 22:40:34] FILTERED D0MINO reason score overall 57.8
[2026-08-21 22:40:34] RECORDED to both DBs
[2026-08-21 22:40:36] Processing DAWG V2rSiqm9 liq $10,690
fetch_json error https://quote-api.jup.ag/v6/quote?inputMint=So1111111111111111111111111111111111111112&outputMint=V2rSiqm9pMz1x8r2acvcKMf2AuHpn62mSuHhRzYDAWG&amount=100000000&slippageBps=100: Cannot connect to host quote-api.jup.ag:443 ssl:default [No address associated with hostname]
[2026-08-21 22:40:37] FILTERED DAWG reason score overall 48.69
[2026-08-21 22:40:37] RECORDED to both DBs
[2026-08-21 22:40:39] Processing 8ball AWBYM6X9 liq $14,231
fetch_json error https://quote-api.jup.ag/v6/quote?inputMint=So1111111111111111111111111111111111111112&outputMint=AWBYM6X9ZsTZAMC6uxx7JNUbwZjsL9xJ6Y2PEjCqpump&amount=100000000&slippageBps=100: Cannot connect to host quote-api.jup.ag:443 ssl:default [No address associated with hostname]
[2026-08-21 22:40:41] FILTERED 8ball reason score overall 51.23
[2026-08-21 22:40:41] RECORDED to both DBs
[2026-08-21 22:40:43] Processing Words 0xA11b2d liq $67,869
[2026-08-21 22:40:43] PASS Words overall 85.48 holder 19.87
[2026-08-21 22:40:43] RECORDED to both DBs
[2026-08-21 22:40:45] Processing mao mao YyfVytRp liq $11,273
fetch_json error https://quote-api.jup.ag/v6/quote?inputMint=So1111111111111111111111111111111111111112&outputMint=YyfVytRpWpxUHb9cuCCyGJGwTHMkPULuygd7WNTpump&amount=100000000&slippageBps=100: Cannot connect to host quote-api.jup.ag:443 ssl:default [No address associated with hostname]
[2026-08-21 22:40:46] FILTERED mao mao reason score overall 49.27
[2026-08-21 22:40:46] RECORDED to both DBs
[2026-08-21 22:41:22] Watching 11 seen, no new, alive
