[2026-08-23 22:38:51] learning update error for None: module 'ml_model' has no attribute 'train_model'
[2026-08-23 22:38:51] learning update error for None: module 'ml_model' has no attribute 'train_model'
[2026-08-23 22:38:51] learning update error for None: module 'ml_model' has no attribute 'train_model'
[2026-08-23 22:38:51] learning update error for None: module 'ml_model' has no attribute 'train_model'
[2026-08-23 22:38:52] learning update error for None: module 'ml_model' has no attribute 'train_model'
[2026-08-23 22:38:52] learning update error for 57pTdaUfmDeXMYbHbQrwAsb68DgzZz66wrBQVY1xpump: module 'ml_model' has no attribute 'train_model'
[2026-08-23 22:43:54] learning update error for None: module 'ml_model' has no attribute 'train_model'
[2026-08-23 22:43:54] learning update error for None: module 'ml_model' has no attribute 'train_model'
[2026-08-23 22:43:54] learning update error for None: module 'ml_model' has no attribute 'train_model'
[2026-08-23 22:43:54] learning update error for None: module 'ml_model' has no attribute 'train_model'
[2026-08-23 22:43:55] learning update error for None: module 'ml_model' has no attribute 'train_model'
[2026-08-23 22:43:55] learning update error for 0x5f5D042a602A747604ab60288f02191536C96666: module 'ml_model' has no attribute 'train_model'
[2026-08-23 22:43:55] learning update error for 57pTdaUfmDeXMYbHbQrwAsb68DgzZz66wrBQVY1xpump: module 'ml_model' has no attribute 'train_model'
[2026-08-23 22:43:55] learning update error for 0xC46BC008782cE5FfA68F6B4e5298C13976fB7777: module 'ml_model' has no attribute 'train_model'
[2026-08-23 22:43:55] learning update error for 0xf0C720e3aF2a58bd1733569E0d2ed3f946b1d164: module 'ml_model' has no attribute 'train_model'
[2026-08-23 22:43:56] learning update error for 0x6A58C2C4A07a26Adfc0b70c48242F2197C9Ba4Ba: module 'ml_model' has no attribute 'train_model'
[2026-08-23 22:43:56] learning update error for 72vwsZXZT6i5io7nhiLNBf8wb8Qdzdhbz8krkp2kpump: module 'ml_model' has no attribute 'train_model'
[2026-08-23 22:43:56] learning update error for 7UuqhWmoMXQfrwGLTK9Yf4My9ZPH3ZEyWCwNu8LNpump: module 'ml_model' has no attribute 'train_model'
[2026-08-23 22:43:56] learning update error for 0x10a8defb5277405E7fead7DAb50Dd95B00870999: module 'ml_model' has no attribute 'train_model'
[2026-08-23 22:43:57] learning update error for 2QFVUpLtMB8QVfteVQuWnxtc1mB1GV2Pa4R6D5gRpump: module 'ml_model' has no attribute 'train_model'
[2026-08-23 22:43:57] learning update error for APhY6KEUnpuBMxe6TiZyAiBfNge7SQhBg94fTAzopump: module 'ml_model' has no attribute 'train_model'
[2026-08-23 22:43:57] learning update error for F1gB34BTJUSGqioGip4CaVawR1Kk8aRPQDToZ94Ppump: module 'ml_model' has no attribute 'train_model'
[2026-08-23 22:43:57] learning update error for 0xF7997e4fd821e39D884D86d25e1655017f241A42: module 'ml_model' has no attribute 'train_model'
[2026-08-23 22:43:58] learning update error for 0xEdD207A21FBa2a63468EC3e138C432954a5B993E: module 'ml_model' has no attribute 'train_model'
[2026-08-23 22:46:38] learning update error for None: module 'ml_model' has no attribute 'train_model'
[2026-08-23 22:46:38] learning update error for None: module 'ml_model' has no attribute 'train_model'
[2026-08-23 22:46:38] learning update error for None: module 'ml_model' has no attribute 'train_model'
[2026-08-23 22:46:39] learning update error for None: module 'ml_model' has no attribute 'train_model'
[2026-08-23 22:46:39] learning update error for None: module 'ml_model' has no attribute 'train_model'
[2026-08-23 22:46:39] learning update error for 3Zogtb9AgUrXyG9YW2dnmFfT1xYPFukxmxqqFfAHpump: module 'ml_model' has no attribute 'train_model'
[2026-08-23 22:51:40] learning update error for None: module 'ml_model' has no attribute 'train_model'
[2026-08-23 22:51:41] learning update error for None: module 'ml_model' has no attribute 'train_model'
[2026-08-23 22:51:41] learning update error for None: module 'ml_model' has no attribute 'train_model'
[2026-08-23 22:51:41] learning update error for None: module 'ml_model' has no attribute 'train_model'
[2026-08-23 22:51:41] learning update error for None: module 'ml_model' has no attribute 'train_model'
[2026-08-23 22:51:41] learning update error for 3Zogtb9AgUrXyG9YW2dnmFfT1xYPFukxmxqqFfAHpump: module 'ml_model' has no attribute 'train_model'
[2026-08-23 22:51:41] learning update error for 0xEdD207A21FBa2a63468EC3e138C432954a5B993E: module 'ml_model' has no attribute 'train_model'
[2026-08-23 22:51:42] learning update error for 0xF7997e4fd821e39D884D86d25e1655017f241A42: module 'ml_model' has no attribute 'train_model'
[2026-08-23 22:51:42] learning update error for 0x5f5D042a602A747604ab60288f02191536C96666: module 'ml_model' has no attribute 'train_model'
[2026-08-23 22:51:42] learning update error for 57pTdaUfmDeXMYbHbQrwAsb68DgzZz66wrBQVY1xpump: module 'ml_model' has no attribute 'train_model'
[2026-08-23 22:51:42] learning update error for 0xC46BC008782cE5FfA68F6B4e5298C13976fB7777: module 'ml_model' has no attribute 'train_model'
[2026-08-23 22:51:43] learning update error for 0xf0C720e3aF2a58bd1733569E0d2ed3f946b1d164: module 'ml_model' has no attribute 'train_model'
[2026-08-23 22:51:43] learning update error for 0x6A58C2C4A07a26Adfc0b70c48242F2197C9Ba4Ba: module 'ml_model' has no attribute 'train_model'
[2026-08-23 22:51:43] learning update error for 72vwsZXZT6i5io7nhiLNBf8wb8Qdzdhbz8krkp2kpump: module 'ml_model' has no attribute 'train_model'
[2026-08-23 22:51:43] learning update error for 7UuqhWmoMXQfrwGLTK9Yf4My9ZPH3ZEyWCwNu8LNpump: module 'ml_model' has no attribute 'train_model'
[2026-08-23 22:51:43] learning update error for 0x10a8defb5277405E7fead7DAb50Dd95B00870999: module 'ml_model' has no attribute 'train_model'
[2026-08-23 22:51:43] learning update error for 2QFVUpLtMB8QVfteVQuWnxtc1mB1GV2Pa4R6D5gRpump: module 'ml_model' has no attribute 'train_model'
