nohup: ignoring input
[2026-08-23 22:54:20] learning update error for None: module 'ml_model' has no attribute 'train_model'
[2026-08-23 22:54:20] learning update error for None: module 'ml_model' has no attribute 'train_model'
[2026-08-23 22:54:20] learning update error for None: module 'ml_model' has no attribute 'train_model'
[2026-08-23 22:54:20] learning update error for None: module 'ml_model' has no attribute 'train_model'
[2026-08-23 22:54:20] learning update error for None: module 'ml_model' has no attribute 'train_model'
[2026-08-23 22:54:21] learning update error for 3Zogtb9AgUrXyG9YW2dnmFfT1xYPFukxmxqqFfAHpump: module 'ml_model' has no attribute 'train_model'
[2026-08-23 22:54:21] learning update error for 0xEdD207A21FBa2a63468EC3e138C432954a5B993E: module 'ml_model' has no attribute 'train_model'
[2026-08-23 22:54:21] learning update error for 0xF7997e4fd821e39D884D86d25e1655017f241A42: module 'ml_model' has no attribute 'train_model'
[2026-08-23 22:54:21] learning update error for 0x5f5D042a602A747604ab60288f02191536C96666: module 'ml_model' has no attribute 'train_model'
[2026-08-23 22:54:21] learning update error for 57pTdaUfmDeXMYbHbQrwAsb68DgzZz66wrBQVY1xpump: module 'ml_model' has no attribute 'train_model'
[2026-08-23 22:54:22] learning update error for 0xC46BC008782cE5FfA68F6B4e5298C13976fB7777: module 'ml_model' has no attribute 'train_model'
[2026-08-23 22:54:22] learning update error for 0xf0C720e3aF2a58bd1733569E0d2ed3f946b1d164: module 'ml_model' has no attribute 'train_model'
[2026-08-23 22:54:22] learning update error for 0x6A58C2C4A07a26Adfc0b70c48242F2197C9Ba4Ba: module 'ml_model' has no attribute 'train_model'
[2026-08-23 22:54:22] learning update error for 72vwsZXZT6i5io7nhiLNBf8wb8Qdzdhbz8krkp2kpump: module 'ml_model' has no attribute 'train_model'
[2026-08-23 22:54:22] learning update error for 7UuqhWmoMXQfrwGLTK9Yf4My9ZPH3ZEyWCwNu8LNpump: module 'ml_model' has no attribute 'train_model'
[2026-08-23 22:54:22] learning update error for 0x10a8defb5277405E7fead7DAb50Dd95B00870999: module 'ml_model' has no attribute 'train_model'
[2026-08-23 22:54:23] learning update error for 2QFVUpLtMB8QVfteVQuWnxtc1mB1GV2Pa4R6D5gRpump: module 'ml_model' has no attribute 'train_model'
[2026-08-23 22:59:24] learning update error for 3Zogtb9AgUrXyG9YW2dnmFfT1xYPFukxmxqqFfAHpump: module 'ml_model' has no attribute 'train_model'
[2026-08-23 22:59:24] learning update error for 0xEdD207A21FBa2a63468EC3e138C432954a5B993E: module 'ml_model' has no attribute 'train_model'
[2026-08-23 22:59:24] learning update error for 0xF7997e4fd821e39D884D86d25e1655017f241A42: module 'ml_model' has no attribute 'train_model'
[2026-08-23 22:59:24] learning update error for 0x5f5D042a602A747604ab60288f02191536C96666: module 'ml_model' has no attribute 'train_model'
[2026-08-23 22:59:25] learning update error for 57pTdaUfmDeXMYbHbQrwAsb68DgzZz66wrBQVY1xpump: module 'ml_model' has no attribute 'train_model'
[2026-08-23 22:59:25] learning update error for 0xC46BC008782cE5FfA68F6B4e5298C13976fB7777: module 'ml_model' has no attribute 'train_model'
[2026-08-23 22:59:25] learning update error for 0xf0C720e3aF2a58bd1733569E0d2ed3f946b1d164: module 'ml_model' has no attribute 'train_model'
[2026-08-23 22:59:25] learning update error for 0x6A58C2C4A07a26Adfc0b70c48242F2197C9Ba4Ba: module 'ml_model' has no attribute 'train_model'
[2026-08-23 22:59:25] learning update error for 72vwsZXZT6i5io7nhiLNBf8wb8Qdzdhbz8krkp2kpump: module 'ml_model' has no attribute 'train_model'
[2026-08-23 22:59:25] learning update error for 7UuqhWmoMXQfrwGLTK9Yf4My9ZPH3ZEyWCwNu8LNpump: module 'ml_model' has no attribute 'train_model'
[2026-08-23 22:59:26] learning update error for 0x10a8defb5277405E7fead7DAb50Dd95B00870999: module 'ml_model' has no attribute 'train_model'
[2026-08-23 22:59:26] learning update error for 2QFVUpLtMB8QVfteVQuWnxtc1mB1GV2Pa4R6D5gRpump: module 'ml_model' has no attribute 'train_model'
[2026-08-23 23:04:27] learning update error for 3Zogtb9AgUrXyG9YW2dnmFfT1xYPFukxmxqqFfAHpump: module 'ml_model' has no attribute 'train_model'
[2026-08-23 23:04:28] learning update error for 0xEdD207A21FBa2a63468EC3e138C432954a5B993E: module 'ml_model' has no attribute 'train_model'
[2026-08-23 23:04:29] learning update error for 0xF7997e4fd821e39D884D86d25e1655017f241A42: module 'ml_model' has no attribute 'train_model'
[2026-08-23 23:04:29] learning update error for 0x5f5D042a602A747604ab60288f02191536C96666: module 'ml_model' has no attribute 'train_model'
[2026-08-23 23:04:29] learning update error for 57pTdaUfmDeXMYbHbQrwAsb68DgzZz66wrBQVY1xpump: module 'ml_model' has no attribute 'train_model'
[2026-08-23 23:04:29] learning update error for 0xC46BC008782cE5FfA68F6B4e5298C13976fB7777: module 'ml_model' has no attribute 'train_model'
[2026-08-23 23:04:30] learning update error for 0xf0C720e3aF2a58bd1733569E0d2ed3f946b1d164: module 'ml_model' has no attribute 'train_model'
[2026-08-23 23:04:30] learning update error for 0x6A58C2C4A07a26Adfc0b70c48242F2197C9Ba4Ba: module 'ml_model' has no attribute 'train_model'
[2026-08-23 23:04:30] learning update error for 72vwsZXZT6i5io7nhiLNBf8wb8Qdzdhbz8krkp2kpump: module 'ml_model' has no attribute 'train_model'
[2026-08-23 23:04:30] learning update error for 7UuqhWmoMXQfrwGLTK9Yf4My9ZPH3ZEyWCwNu8LNpump: module 'ml_model' has no attribute 'train_model'
[2026-08-23 23:04:31] learning update error for 0x10a8defb5277405E7fead7DAb50Dd95B00870999: module 'ml_model' has no attribute 'train_model'
[2026-08-23 23:04:31] learning update error for 2oEQxkHyUtD1wBopB3GWLmwySKr4s97JWtfg7uWspump: module 'ml_model' has no attribute 'train_model'
[2026-08-23 23:09:32] learning update error for 0xE63E4dB8687Aedf1F2fa314e9e35b05B71479B07: module 'ml_model' has no attribute 'train_model'
[2026-08-23 23:09:32] learning update error for 2oEQxkHyUtD1wBopB3GWLmwySKr4s97JWtfg7uWspump: module 'ml_model' has no attribute 'train_model'
[2026-08-23 23:09:32] learning update error for 3Zogtb9AgUrXyG9YW2dnmFfT1xYPFukxmxqqFfAHpump: module 'ml_model' has no attribute 'train_model'
[2026-08-23 23:09:32] learning update error for 0xEdD207A21FBa2a63468EC3e138C432954a5B993E: module 'ml_model' has no attribute 'train_model'
[2026-08-23 23:09:33] learning update error for 0xF7997e4fd821e39D884D86d25e1655017f241A42: module 'ml_model' has no attribute 'train_model'
[2026-08-23 23:09:33] learning update error for 0x5f5D042a602A747604ab60288f02191536C96666: module 'ml_model' has no attribute 'train_model'
[2026-08-23 23:09:33] learning update error for 57pTdaUfmDeXMYbHbQrwAsb68DgzZz66wrBQVY1xpump: module 'ml_model' has no attribute 'train_model'
[2026-08-23 23:09:33] learning update error for 0xC46BC008782cE5FfA68F6B4e5298C13976fB7777: module 'ml_model' has no attribute 'train_model'
[2026-08-23 23:09:33] learning update error for 0xf0C720e3aF2a58bd1733569E0d2ed3f946b1d164: module 'ml_model' has no attribute 'train_model'
[2026-08-23 23:09:34] learning update error for 0x6A58C2C4A07a26Adfc0b70c48242F2197C9Ba4Ba: module 'ml_model' has no attribute 'train_model'
[2026-08-23 23:09:34] learning update error for 72vwsZXZT6i5io7nhiLNBf8wb8Qdzdhbz8krkp2kpump: module 'ml_model' has no attribute 'train_model'
[2026-08-23 23:09:34] learning update error for 7UuqhWmoMXQfrwGLTK9Yf4My9ZPH3ZEyWCwNu8LNpump: module 'ml_model' has no attribute 'train_model'
[2026-08-23 23:09:34] learning update error for 0x3b02B8c049C672d5f3183DB52F276A6F5b5bBB80: module 'ml_model' has no attribute 'train_model'
[2026-08-23 23:14:38] learning update error for 85C2HJiFGUF1NEZBFGHrNrJfakfdxkKvzU2ddvp8pump: module 'ml_model' has no attribute 'train_model'
[2026-08-23 23:19:40] learning update error for GnWgtFHNbv3CEFm1LtDAWTx69UuLySs7J7S5VNAupump: module 'ml_model' has no attribute 'train_model'
