nohup: ignoring input
=== AUTO-HEAL V2 - GitHub token fixed ===
## main...origin/main
 M AUTO_HEAL.py
 M data/watch.log
M AUTO_HEAL.py
 M data/watch.log
[main 493bbf9] auto-heal 2026-08-24 08:15
 2 files changed, 24 insertions(+), 24 deletions(-)
To https://github.com/gothegadget-dot/Birthedge-.git
   7bf28ae..493bbf9  main -> main
[GIT] pushed
## main...origin/main
 M data/watch.log
M data/watch.log
[main 07a2326] auto-heal 2026-08-24 08:16
 1 file changed, 11 insertions(+), 1 deletion(-)
To https://github.com/gothegadget-dot/Birthedge-.git
   493bbf9..07a2326  main -> main
[GIT] pushed
## main...origin/main
 M data/watch.log
M data/watch.log
-.git
   493bbf9..07a2326  main -> main
[08:16:26] [GIT] pushed
[08:17:26] ## main...origin/main
 M data/watch.log
[08:17:26] M data/watch.log
